[uiparadox.co.uk/templates/nexatech/demo/index.html]
[backblue.gif]
[fade.gif]
[index.html]
[uiparadox.co.uk/_autoindex/assets/css/autoindex.css]
[uiparadox.co.uk/_autoindex/assets/js/tablesort.js]
[uiparadox.co.uk/_autoindex/assets/js/tablesort.number.js]
[uiparadox.co.uk/templates/nexatech/demo/404.html]
[uiparadox.co.uk/templates/nexatech/demo/index9a11.html]
[uiparadox.co.uk/templates/nexatech/demo/assets/index.html]
[uiparadox.co.uk/templates/nexatech/demo/about-us.html]
[uiparadox.co.uk/templates/nexatech/demo/blog-detail.html]
[uiparadox.co.uk/templates/nexatech/demo/index2a60.html]
[uiparadox.co.uk/templates/nexatech/demo/index3dd6.html]
[uiparadox.co.uk/templates/nexatech/demo/blog.html]
[uiparadox.co.uk/templates/nexatech/demo/coming-soon.html]
[uiparadox.co.uk/templates/nexatech/demo/contact.html]
[uiparadox.co.uk/templates/nexatech/demo/faq.html]
[uiparadox.co.uk/templates/nexatech/demo/index-1.html]
[uiparadox.co.uk/templates/nexatech/demo/index-2.html]
[uiparadox.co.uk/templates/nexatech/demo/index-3.html]
[uiparadox.co.uk/templates/nexatech/demo/index-4.html]
[uiparadox.co.uk/templates/nexatech/demo/portfolio.html]
[uiparadox.co.uk/templates/nexatech/demo/services-detail.html]
[uiparadox.co.uk/templates/nexatech/demo/services.html]
[uiparadox.co.uk/templates/nexatech/demo/team-detail.html]
[uiparadox.co.uk/templates/nexatech/demo/team.html]
[uiparadox.co.uk/templates/nexatech/demo/index.html]
[uiparadox.co.uk/_autoindex/assets/css/autoindex.css]
[uiparadox.co.uk/templates/nexatech/demo/index9a11.html]
[uiparadox.co.uk/templates/nexatech/demo/index2a60.html]
[uiparadox.co.uk/templates/nexatech/demo/index3dd6.html]
[uiparadox.co.uk/templates/nexatech/demo/assets/index.html]
[uiparadox.co.uk/templates/nexatech/demo/index7dc1.html]
[uiparadox.co.uk/templates/nexatech/demo/indexd4cd.html]
[uiparadox.co.uk/templates/nexatech/demo/assets/index9a11.html]
[uiparadox.co.uk/templates/nexatech/demo/index38f9.html]
[uiparadox.co.uk/templates/nexatech/demo/assets/index3dd6.html]
[uiparadox.co.uk/templates/nexatech/demo/assets/index2a60.html]
[uiparadox.co.uk/templates/nexatech/demo/assets/js/index.html]
[uiparadox.co.uk/templates/nexatech/demo/assets/css/index.html]
[uiparadox.co.uk/templates/nexatech/demo/assets/media/favicon-light.png]
[uiparadox.co.uk/templates/nexatech/demo/assets/mail/index.html]
[uiparadox.co.uk/templates/nexatech/demo/assets/media/index.html]
[uiparadox.co.uk/templates/nexatech/demo/assets/sass/index.html]
[uiparadox.co.uk/templates/nexatech/demo/assets/css/vendor/bootstrap.min.css]
[uiparadox.co.uk/templates/nexatech/demo/assets/css/vendor/font-awesome.css]
[uiparadox.co.uk/templates/nexatech/demo/assets/css/vendor/slick.css]
[uiparadox.co.uk/templates/nexatech/demo/assets/css/vendor/slick-theme.css]
[uiparadox.co.uk/templates/nexatech/demo/assets/css/vendor/sal.css]
[uiparadox.co.uk/templates/nexatech/demo/assets/css/app.css]
[uiparadox.co.uk/templates/nexatech/demo/assets/media/logo-dark.png]
[uiparadox.co.uk/templates/nexatech/demo/assets/media/logo-light.png]
[uiparadox.co.uk/templates/nexatech/demo/assets/media/404.png]
[uiparadox.co.uk/templates/nexatech/demo/assets/media/404-dark.png]
[uiparadox.co.uk/templates/nexatech/demo/assets/js/vendor/jquery-3.6.3.min.js]
[uiparadox.co.uk/templates/nexatech/demo/assets/js/vendor/bootstrap.min.js]
[uiparadox.co.uk/templates/nexatech/demo/assets/js/vendor/slick.min.js]
[uiparadox.co.uk/templates/nexatech/demo/assets/js/vendor/jquery-appear.js]
[uiparadox.co.uk/templates/nexatech/demo/assets/js/vendor/sal.js]
[uiparadox.co.uk/templates/nexatech/demo/assets/js/vendor/jquery-validator.js]
[uiparadox.co.uk/templates/nexatech/demo/assets/js/app.js]
[uiparadox.co.uk/templates/nexatech/demo/404.html]
[uiparadox.co.uk/templates/nexatech/demo/assets/media/element/shape-5.png]
[uiparadox.co.uk/templates/nexatech/demo/assets/media/element/shape-6.png]
[uiparadox.co.uk/templates/nexatech/demo/assets/media/element/dots-element-2.png]
[uiparadox.co.uk/templates/nexatech/demo/assets/media/about/img-8.png]
[uiparadox.co.uk/templates/nexatech/demo/assets/media/service/img-9.png]
[uiparadox.co.uk/templates/nexatech/demo/assets/media/service/img-10.png]
[uiparadox.co.uk/templates/nexatech/demo/assets/media/service/img-11.png]
[uiparadox.co.uk/templates/nexatech/demo/assets/media/service/img-12.png]
[uiparadox.co.uk/templates/nexatech/demo/assets/media/team/img-3.png]
[uiparadox.co.uk/templates/nexatech/demo/assets/media/team/img-4.png]
[uiparadox.co.uk/templates/nexatech/demo/assets/media/team/img-5.png]
[uiparadox.co.uk/templates/nexatech/demo/assets/media/team/img-6.png]
[uiparadox.co.uk/templates/nexatech/demo/assets/media/team/img-7.png]
[uiparadox.co.uk/templates/nexatech/demo/assets/media/testimonial/img-4.png]
[uiparadox.co.uk/templates/nexatech/demo/about-us.html]
[uiparadox.co.uk/templates/nexatech/demo/assets/media/blog/img-12.png]
[uiparadox.co.uk/templates/nexatech/demo/assets/media/blog/img-13.png]
[uiparadox.co.uk/templates/nexatech/demo/assets/media/blog/img-14.png]
[uiparadox.co.uk/templates/nexatech/demo/assets/media/blog/img-15.png]
[uiparadox.co.uk/templates/nexatech/demo/assets/media/blog/img-16.png]
[uiparadox.co.uk/templates/nexatech/demo/assets/media/blog/img-17.png]
[uiparadox.co.uk/templates/nexatech/demo/assets/media/blog/img-11.png]
[uiparadox.co.uk/templates/nexatech/demo/assets/media/blog/img-9.png]
[uiparadox.co.uk/templates/nexatech/demo/assets/media/blog/img-10.png]
[uiparadox.co.uk/templates/nexatech/demo/assets/media/element/shape-4.png]
[uiparadox.co.uk/templates/nexatech/demo/assets/media/element/shape-2.png]
[uiparadox.co.uk/templates/nexatech/demo/assets/media/element/shape-1.png]
[uiparadox.co.uk/templates/nexatech/demo/assets/media/element/shape-3.png]
[uiparadox.co.uk/templates/nexatech/demo/blog-detail.html]
[uiparadox.co.uk/templates/nexatech/demo/blog.html]
[uiparadox.co.uk/templates/nexatech/demo/assets/js/vendor/jquery.countdown.min.js]
[uiparadox.co.uk/templates/nexatech/demo/coming-soon.html]
[uiparadox.co.uk/templates/nexatech/demo/assets/media/contact/goggle-map.png]
[uiparadox.co.uk/templates/nexatech/demo/contact.html]
[uiparadox.co.uk/templates/nexatech/demo/faq.html]
[uiparadox.co.uk/templates/nexatech/demo/assets/media/banner/hero-picture.png]
[uiparadox.co.uk/templates/nexatech/demo/assets/media/element/dots-element.png]
[uiparadox.co.uk/templates/nexatech/demo/assets/media/about/img-1.png]
[uiparadox.co.uk/templates/nexatech/demo/assets/media/about/img-2.png]
[uiparadox.co.uk/templates/nexatech/demo/assets/media/about/img-3.png]
[uiparadox.co.uk/templates/nexatech/demo/assets/media/about/img-4.png]
[uiparadox.co.uk/templates/nexatech/demo/assets/media/team/img-1.png]
[uiparadox.co.uk/templates/nexatech/demo/assets/media/team/img-2.png]
[uiparadox.co.uk/templates/nexatech/demo/assets/media/work/img-1.png]
[uiparadox.co.uk/templates/nexatech/demo/assets/media/work/img-2.png]
[uiparadox.co.uk/templates/nexatech/demo/assets/media/work/img-3.png]
[uiparadox.co.uk/templates/nexatech/demo/assets/media/work/img-4.png]
[uiparadox.co.uk/templates/nexatech/demo/assets/media/testimonial/img-2.png]
[uiparadox.co.uk/templates/nexatech/demo/assets/media/testimonial/img-1.png]
[uiparadox.co.uk/templates/nexatech/demo/assets/media/testimonial/img-3.png]
[uiparadox.co.uk/templates/nexatech/demo/assets/media/blog/img-1.png]
[uiparadox.co.uk/templates/nexatech/demo/assets/media/blog/img-2.png]
[uiparadox.co.uk/templates/nexatech/demo/assets/media/blog/img-3.png]
[uiparadox.co.uk/templates/nexatech/demo/assets/media/partner/logo-1.png]
[uiparadox.co.uk/templates/nexatech/demo/assets/media/partner/logo-2.png]
[uiparadox.co.uk/templates/nexatech/demo/assets/media/partner/logo-3.png]
[uiparadox.co.uk/templates/nexatech/demo/assets/media/partner/logo-4.png]
[uiparadox.co.uk/templates/nexatech/demo/assets/media/partner/logo-5.png]
[uiparadox.co.uk/templates/nexatech/demo/assets/media/partner/logo-6.png]
[uiparadox.co.uk/templates/nexatech/demo/index-1.html]
[uiparadox.co.uk/templates/nexatech/demo/assets/media/about/img-5.png]
[uiparadox.co.uk/templates/nexatech/demo/assets/media/about/img-6.png]
[uiparadox.co.uk/templates/nexatech/demo/assets/media/service/img-5.png]
[uiparadox.co.uk/templates/nexatech/demo/assets/media/service/img-6.png]
[uiparadox.co.uk/templates/nexatech/demo/assets/media/service/img-7.png]
[uiparadox.co.uk/templates/nexatech/demo/assets/media/service/img-8.png]
[uiparadox.co.uk/templates/nexatech/demo/assets/media/work/img-5.png]
[uiparadox.co.uk/templates/nexatech/demo/assets/media/work/img-6.png]
[uiparadox.co.uk/templates/nexatech/demo/assets/media/work/img-7.png]
[uiparadox.co.uk/templates/nexatech/demo/assets/media/work/img-8.png]
[uiparadox.co.uk/templates/nexatech/demo/assets/media/work/img-9.png]
[uiparadox.co.uk/templates/nexatech/demo/assets/media/work/img-10.png]
[uiparadox.co.uk/templates/nexatech/demo/assets/media/work/img-17.png]
[uiparadox.co.uk/templates/nexatech/demo/assets/media/work/img-18.png]
[uiparadox.co.uk/templates/nexatech/demo/assets/media/work/img-19.png]
[uiparadox.co.uk/templates/nexatech/demo/assets/media/work/img-20.png]
[uiparadox.co.uk/templates/nexatech/demo/assets/media/work/img-21.png]
[uiparadox.co.uk/templates/nexatech/demo/assets/media/work/img-22.png]
[uiparadox.co.uk/templates/nexatech/demo/assets/media/work/img-23.png]
[uiparadox.co.uk/templates/nexatech/demo/assets/media/work/img-24.png]
[uiparadox.co.uk/templates/nexatech/demo/assets/media/work/img-25.png]
[uiparadox.co.uk/templates/nexatech/demo/assets/media/blog/img-4.png]
[uiparadox.co.uk/templates/nexatech/demo/assets/media/blog/img-5.png]
[uiparadox.co.uk/templates/nexatech/demo/assets/media/blog/img-6.png]
[uiparadox.co.uk/templates/nexatech/demo/index-2.html]
[uiparadox.co.uk/templates/nexatech/demo/assets/media/about/img-7.png]
[uiparadox.co.uk/templates/nexatech/demo/assets/media/work/img-11.png]
[uiparadox.co.uk/templates/nexatech/demo/assets/media/work/img-12.png]
[uiparadox.co.uk/templates/nexatech/demo/assets/media/work/img-13.png]
[uiparadox.co.uk/templates/nexatech/demo/assets/media/work/img-14.png]
[uiparadox.co.uk/templates/nexatech/demo/assets/media/work/img-15.png]
[uiparadox.co.uk/templates/nexatech/demo/assets/media/work/img-16.png]
[uiparadox.co.uk/templates/nexatech/demo/assets/media/team/img-8.png]
[uiparadox.co.uk/templates/nexatech/demo/assets/media/team/img-9.png]
[uiparadox.co.uk/templates/nexatech/demo/assets/media/team/img-10.png]
[uiparadox.co.uk/templates/nexatech/demo/assets/media/blog/img-8.png]
[uiparadox.co.uk/templates/nexatech/demo/assets/media/blog/img-7.png]
[uiparadox.co.uk/templates/nexatech/demo/index-3.html]
[uiparadox.co.uk/templates/nexatech/demo/assets/media/element/hamburger.png]
[uiparadox.co.uk/templates/nexatech/demo/index-4.html]
[uiparadox.co.uk/templates/nexatech/demo/portfolio.html]
[uiparadox.co.uk/templates/nexatech/demo/services-detail.html]
[uiparadox.co.uk/templates/nexatech/demo/services.html]
[uiparadox.co.uk/templates/nexatech/demo/assets/media/icon/icon-1.png]
[uiparadox.co.uk/templates/nexatech/demo/assets/media/icon/icon-2.png]
[uiparadox.co.uk/templates/nexatech/demo/assets/media/icon/icon-3.png]
[uiparadox.co.uk/templates/nexatech/demo/assets/media/icon/icon-4.png]
[uiparadox.co.uk/templates/nexatech/demo/team-detail.html]
[uiparadox.co.uk/templates/nexatech/demo/team.html]
[uiparadox.co.uk/templates/nexatech/demo/indexd4cd.html]
[uiparadox.co.uk/templates/nexatech/demo/index7dc1.html]
[uiparadox.co.uk/templates/nexatech/demo/index38f9.html]
[uiparadox.co.uk/templates/nexatech/demo/assets/index9a11.html]
[uiparadox.co.uk/templates/nexatech/demo/assets/index2a60.html]
[uiparadox.co.uk/templates/nexatech/demo/assets/index3dd6.html]
[uiparadox.co.uk/templates/nexatech/demo/assets/css/app.css.map]
[uiparadox.co.uk/templates/nexatech/demo/assets/css/index.html]
[uiparadox.co.uk/templates/nexatech/demo/assets/indexd4cd.html]
[uiparadox.co.uk/templates/nexatech/demo/assets/index7dc1.html]
[uiparadox.co.uk/templates/nexatech/demo/assets/index38f9.html]
[uiparadox.co.uk/templates/nexatech/demo/assets/css/index9a11.html]
[uiparadox.co.uk/templates/nexatech/demo/assets/js/index.html]
[uiparadox.co.uk/templates/nexatech/demo/assets/css/index2a60.html]
[uiparadox.co.uk/templates/nexatech/demo/assets/css/index3dd6.html]
[uiparadox.co.uk/templates/nexatech/demo/assets/css/fonts/index.html]
[uiparadox.co.uk/templates/nexatech/demo/assets/css/layout/index.html]
[uiparadox.co.uk/templates/nexatech/demo/assets/css/vendor/index.html]
[uiparadox.co.uk/templates/nexatech/demo/assets/js/index2a60.html]
[uiparadox.co.uk/templates/nexatech/demo/assets/js/index9a11.html]
[uiparadox.co.uk/templates/nexatech/demo/assets/js/index3dd6.html]
[uiparadox.co.uk/templates/nexatech/demo/assets/js/vendor/index.html]
[uiparadox.co.uk/templates/nexatech/demo/assets/mail/index.html]
[uiparadox.co.uk/templates/nexatech/demo/assets/media/index.html]
[uiparadox.co.uk/templates/nexatech/demo/assets/mail/index9a11.html]
[uiparadox.co.uk/templates/nexatech/demo/assets/mail/index2a60.html]
[uiparadox.co.uk/templates/nexatech/demo/assets/mail/index3dd6.html]
[uiparadox.co.uk/templates/nexatech/demo/assets/media/index9a11.html]
[uiparadox.co.uk/templates/nexatech/demo/assets/media/index2a60.html]
[uiparadox.co.uk/templates/nexatech/demo/assets/media/index3dd6.html]
[uiparadox.co.uk/templates/nexatech/demo/assets/media/banner/index.html]
[uiparadox.co.uk/templates/nexatech/demo/assets/media/about/index.html]
[uiparadox.co.uk/templates/nexatech/demo/assets/sass/app.scss]
[uiparadox.co.uk/templates/nexatech/demo/assets/sass/index.html]
[uiparadox.co.uk/templates/nexatech/demo/assets/css/vendor/bootstrap.min.css]
[uiparadox.co.uk/templates/nexatech/demo/assets/media/blog/index.html]
[uiparadox.co.uk/templates/nexatech/demo/assets/media/contact/index.html]
[uiparadox.co.uk/templates/nexatech/demo/assets/media/element/index.html]
[uiparadox.co.uk/templates/nexatech/demo/assets/media/icon/index.html]
[uiparadox.co.uk/templates/nexatech/demo/assets/media/partner/index.html]
[uiparadox.co.uk/templates/nexatech/demo/assets/css/fonts/fa-brands-400.eot]
[uiparadox.co.uk/templates/nexatech/demo/assets/media/service/index.html]
[uiparadox.co.uk/templates/nexatech/demo/assets/media/team/index.html]
[uiparadox.co.uk/templates/nexatech/demo/assets/media/testimonial/index.html]
[uiparadox.co.uk/templates/nexatech/demo/assets/css/fonts/fa-brands-400d41d.eot]
[uiparadox.co.uk/templates/nexatech/demo/assets/sass/index9a11.html]
[uiparadox.co.uk/templates/nexatech/demo/assets/media/work/index.html]
[uiparadox.co.uk/templates/nexatech/demo/assets/sass/index2a60.html]
[uiparadox.co.uk/templates/nexatech/demo/assets/sass/index3dd6.html]
[uiparadox.co.uk/templates/nexatech/demo/assets/css/fonts/fa-brands-400.woff2]
[uiparadox.co.uk/templates/nexatech/demo/assets/sass/basic/index.html]
[uiparadox.co.uk/templates/nexatech/demo/assets/sass/elements/index.html]
[uiparadox.co.uk/templates/nexatech/demo/assets/sass/helpers/index.html]
[uiparadox.co.uk/templates/nexatech/demo/assets/css/fonts/fa-brands-400.woff]
[uiparadox.co.uk/templates/nexatech/demo/assets/sass/layout/index.html]
[uiparadox.co.uk/templates/nexatech/demo/assets/css/fonts/fa-brands-400.ttf]
[uiparadox.co.uk/templates/nexatech/demo/assets/css/fonts/fa-duotone-900.eot]
[uiparadox.co.uk/templates/nexatech/demo/assets/css/fonts/fa-duotone-900d41d.eot]
[uiparadox.co.uk/templates/nexatech/demo/assets/css/fonts/fa-duotone-900.woff2]
[uiparadox.co.uk/templates/nexatech/demo/assets/css/fonts/fa-brands-400.svg]
[uiparadox.co.uk/templates/nexatech/demo/assets/css/fonts/fa-duotone-900.woff]
[uiparadox.co.uk/templates/nexatech/demo/assets/css/fonts/fa-duotone-900.ttf]
[uiparadox.co.uk/templates/nexatech/demo/assets/css/fonts/fa-light-300.eot]
[uiparadox.co.uk/templates/nexatech/demo/assets/css/fonts/fa-light-300d41d.eot]
[uiparadox.co.uk/templates/nexatech/demo/assets/css/fonts/fa-light-300.woff2]
[uiparadox.co.uk/templates/nexatech/demo/assets/css/fonts/fa-light-300.woff]
[uiparadox.co.uk/templates/nexatech/demo/assets/css/fonts/fa-light-300.ttf]
[uiparadox.co.uk/templates/nexatech/demo/assets/css/fonts/fa-regular-400.eot]
[uiparadox.co.uk/templates/nexatech/demo/assets/css/fonts/fa-regular-400d41d.eot]
[uiparadox.co.uk/templates/nexatech/demo/assets/css/fonts/fa-regular-400.woff2]
[uiparadox.co.uk/templates/nexatech/demo/assets/css/fonts/fa-regular-400.woff]
[uiparadox.co.uk/templates/nexatech/demo/assets/css/fonts/fa-regular-400.ttf]
[uiparadox.co.uk/templates/nexatech/demo/assets/css/fonts/fa-regular-400.svg]
[uiparadox.co.uk/templates/nexatech/demo/assets/css/fonts/fa-solid-900.eot]
[uiparadox.co.uk/templates/nexatech/demo/assets/css/fonts/fa-solid-900d41d.eot]
[uiparadox.co.uk/templates/nexatech/demo/assets/css/fonts/fa-solid-900.woff2]
[uiparadox.co.uk/templates/nexatech/demo/assets/css/fonts/fa-solid-900.woff]
[uiparadox.co.uk/templates/nexatech/demo/assets/css/fonts/fa-solid-900.ttf]
[uiparadox.co.uk/templates/nexatech/demo/assets/css/vendor/font-awesome.css]
[uiparadox.co.uk/templates/nexatech/demo/assets/css/vendor/slick.css]
[uiparadox.co.uk/templates/nexatech/demo/assets/css/fonts/fa-solid-900.svg]
[uiparadox.co.uk/templates/nexatech/demo/assets/css/fonts/ajax-loader.gif]
[uiparadox.co.uk/templates/nexatech/demo/assets/media/element/prev.png]
[uiparadox.co.uk/templates/nexatech/demo/assets/media/element/next.png]
[uiparadox.co.uk/templates/nexatech/demo/assets/css/vendor/slick-theme.css]
[uiparadox.co.uk/templates/nexatech/demo/assets/css/vendor/sal.css]
[uiparadox.co.uk/templates/nexatech/demo/assets/media/banner/banner-bg.png]
[uiparadox.co.uk/templates/nexatech/demo/assets/media/banner/banner-bg-2.png]
[uiparadox.co.uk/templates/nexatech/demo/assets/media/banner/slider-img-1.png]
[uiparadox.co.uk/templates/nexatech/demo/assets/media/banner/slider-img-2.png]
[uiparadox.co.uk/templates/nexatech/demo/assets/media/banner/slider-img-3.png]
[uiparadox.co.uk/templates/nexatech/demo/assets/media/service/img-1.png]
[uiparadox.co.uk/templates/nexatech/demo/assets/media/service/img-3.png]
[uiparadox.co.uk/templates/nexatech/demo/assets/media/service/img-2.png]
[uiparadox.co.uk/templates/nexatech/demo/assets/media/service/img-4.png]
[uiparadox.co.uk/templates/nexatech/demo/assets/media/element/shape-7.png]
[uiparadox.co.uk/templates/nexatech/demo/assets/media/element/shape-8.png]
[uiparadox.co.uk/templates/nexatech/demo/assets/media/element/shape-7-dark.png]
[uiparadox.co.uk/templates/nexatech/demo/assets/media/element/shape-8-dark.png]
[uiparadox.co.uk/templates/nexatech/demo/assets/css/app.css]
[uiparadox.co.uk/templates/nexatech/demo/assets/indexd4cd.html]
[uiparadox.co.uk/templates/nexatech/demo/assets/index7dc1.html]
[uiparadox.co.uk/templates/nexatech/demo/assets/index38f9.html]
[uiparadox.co.uk/templates/nexatech/demo/assets/css/index9a11.html]
[uiparadox.co.uk/templates/nexatech/demo/assets/css/index2a60.html]
[uiparadox.co.uk/templates/nexatech/demo/assets/css/index3dd6.html]
[uiparadox.co.uk/templates/nexatech/demo/assets/css/fonts/fa-brands-400d41d-2.eot]
[uiparadox.co.uk/templates/nexatech/demo/assets/css/index7dc1.html]
[uiparadox.co.uk/templates/nexatech/demo/assets/css/index38f9.html]
[uiparadox.co.uk/templates/nexatech/demo/assets/css/indexd4cd.html]
[uiparadox.co.uk/templates/nexatech/demo/assets/css/fonts/index9a11.html]
[uiparadox.co.uk/templates/nexatech/demo/assets/css/fonts/fa-duotone-900d41d-2.eot]
[uiparadox.co.uk/templates/nexatech/demo/assets/css/fonts/index2a60.html]
[uiparadox.co.uk/templates/nexatech/demo/assets/css/fonts/index3dd6.html]
[uiparadox.co.uk/templates/nexatech/demo/assets/css/fonts/fa-light-300d41d-2.eot]
[uiparadox.co.uk/templates/nexatech/demo/assets/css/fonts/givonic/index.html]
[uiparadox.co.uk/templates/nexatech/demo/assets/css/fonts/fa-regular-400d41d-2.eot]
[uiparadox.co.uk/templates/nexatech/demo/assets/css/fonts/fa-solid-900d41d-2.eot]
[uiparadox.co.uk/templates/nexatech/demo/assets/css/fonts/slick.eot]
[uiparadox.co.uk/templates/nexatech/demo/assets/css/fonts/slick.svg.tmp]
[uiparadox.co.uk/templates/nexatech/demo/assets/css/fonts/slick.ttf]
[uiparadox.co.uk/templates/nexatech/demo/assets/css/fonts/slick.woff]
[uiparadox.co.uk/templates/nexatech/demo/assets/css/fonts/slickd41d.eot]
[uiparadox.co.uk/templates/nexatech/demo/assets/css/fonts/index.html]
[uiparadox.co.uk/templates/nexatech/demo/assets/css/layout/detail.css.map]
[uiparadox.co.uk/templates/nexatech/demo/assets/css/layout/index9a11.html]
[uiparadox.co.uk/templates/nexatech/demo/assets/css/layout/index2a60.html]
[uiparadox.co.uk/templates/nexatech/demo/assets/css/layout/hero-banner.css.map]
[uiparadox.co.uk/templates/nexatech/demo/assets/css/layout/index.html]
[uiparadox.co.uk/templates/nexatech/demo/assets/css/vendor/index.html]
[uiparadox.co.uk/templates/nexatech/demo/assets/js/index9a11.html]
[uiparadox.co.uk/templates/nexatech/demo/assets/css/layout/index3dd6.html]
[uiparadox.co.uk/templates/nexatech/demo/assets/js/index2a60.html]
[uiparadox.co.uk/templates/nexatech/demo/assets/css/vendor/index2a60.html]
[uiparadox.co.uk/templates/nexatech/demo/assets/css/vendor/index3dd6.html]
[uiparadox.co.uk/templates/nexatech/demo/assets/css/vendor/index9a11.html]
[uiparadox.co.uk/templates/nexatech/demo/assets/js/index3dd6.html]
[uiparadox.co.uk/templates/nexatech/demo/assets/js/indexd4cd.html]
[uiparadox.co.uk/templates/nexatech/demo/assets/js/index7dc1.html]
[uiparadox.co.uk/templates/nexatech/demo/assets/js/vendor/isotope.pkgd.min.js]
[uiparadox.co.uk/templates/nexatech/demo/assets/js/vendor/index.html]
[uiparadox.co.uk/templates/nexatech/demo/assets/js/index38f9.html]
[uiparadox.co.uk/templates/nexatech/demo/assets/js/vendor/index9a11.html]
[uiparadox.co.uk/templates/nexatech/demo/assets/mail/index9a11.html]
[uiparadox.co.uk/templates/nexatech/demo/assets/mail/index2a60.html]
[uiparadox.co.uk/templates/nexatech/demo/assets/js/vendor/index2a60.html]
[uiparadox.co.uk/templates/nexatech/demo/assets/js/vendor/index3dd6.html]
[uiparadox.co.uk/templates/nexatech/demo/assets/mail/index3dd6.html]
[uiparadox.co.uk/templates/nexatech/demo/assets/mail/contact.html]
[uiparadox.co.uk/templates/nexatech/demo/assets/media/index9a11.html]
[uiparadox.co.uk/templates/nexatech/demo/assets/mail/indexd4cd.html]
[uiparadox.co.uk/templates/nexatech/demo/assets/mail/index7dc1.html]
[uiparadox.co.uk/templates/nexatech/demo/assets/media/index2a60.html]
[uiparadox.co.uk/templates/nexatech/demo/assets/media/index3dd6.html]
[uiparadox.co.uk/templates/nexatech/demo/assets/mail/index38f9.html]
[uiparadox.co.uk/templates/nexatech/demo/assets/media/indexd4cd.html]
[uiparadox.co.uk/templates/nexatech/demo/assets/media/about/index.html]
[uiparadox.co.uk/templates/nexatech/demo/assets/media/index7dc1.html]
[uiparadox.co.uk/templates/nexatech/demo/assets/media/index38f9.html]
[uiparadox.co.uk/templates/nexatech/demo/assets/media/about/index9a11.html]
[uiparadox.co.uk/templates/nexatech/demo/assets/media/about/index2a60.html]
[uiparadox.co.uk/templates/nexatech/demo/assets/media/banner/index.html]
[uiparadox.co.uk/templates/nexatech/demo/assets/media/about/index3dd6.html]
[uiparadox.co.uk/templates/nexatech/demo/assets/media/banner/index9a11.html]
[uiparadox.co.uk/templates/nexatech/demo/assets/media/blog/index.html]
[uiparadox.co.uk/templates/nexatech/demo/assets/media/banner/index2a60.html]
[uiparadox.co.uk/templates/nexatech/demo/assets/media/banner/index3dd6.html]
[uiparadox.co.uk/templates/nexatech/demo/assets/media/contact/index.html]
[uiparadox.co.uk/templates/nexatech/demo/assets/media/blog/index9a11.html]
[uiparadox.co.uk/templates/nexatech/demo/assets/media/element/index.html]
[uiparadox.co.uk/templates/nexatech/demo/assets/media/blog/index2a60.html]
[uiparadox.co.uk/templates/nexatech/demo/assets/media/contact/index9a11.html]
[uiparadox.co.uk/templates/nexatech/demo/assets/media/blog/index3dd6.html]
[uiparadox.co.uk/templates/nexatech/demo/assets/media/icon/index.html]
[uiparadox.co.uk/templates/nexatech/demo/assets/media/contact/index2a60.html]
[uiparadox.co.uk/templates/nexatech/demo/assets/media/contact/index3dd6.html]
[uiparadox.co.uk/templates/nexatech/demo/assets/media/element/index9a11.html]
[uiparadox.co.uk/templates/nexatech/demo/assets/media/element/index2a60.html]
[uiparadox.co.uk/templates/nexatech/demo/assets/media/partner/index.html]
[uiparadox.co.uk/templates/nexatech/demo/assets/media/element/index3dd6.html]
[uiparadox.co.uk/templates/nexatech/demo/assets/media/icon/index9a11.html]
[uiparadox.co.uk/templates/nexatech/demo/assets/media/icon/index2a60.html]
[uiparadox.co.uk/templates/nexatech/demo/assets/media/icon/index3dd6.html]
[uiparadox.co.uk/templates/nexatech/demo/assets/media/service/index.html]
[uiparadox.co.uk/templates/nexatech/demo/assets/media/partner/index9a11.html]
[uiparadox.co.uk/templates/nexatech/demo/assets/media/partner/index2a60.html]
[uiparadox.co.uk/templates/nexatech/demo/assets/media/partner/index3dd6.html]
[uiparadox.co.uk/templates/nexatech/demo/assets/media/service/index9a11.html]
[uiparadox.co.uk/templates/nexatech/demo/assets/media/team/tinified.zip]
[uiparadox.co.uk/templates/nexatech/demo/assets/media/service/index2a60.html]
[uiparadox.co.uk/templates/nexatech/demo/assets/media/team/index.html]
[uiparadox.co.uk/templates/nexatech/demo/assets/media/service/index3dd6.html]
[uiparadox.co.uk/templates/nexatech/demo/assets/media/team/index9a11.html]
[uiparadox.co.uk/templates/nexatech/demo/assets/media/team/index2a60.html]
[uiparadox.co.uk/templates/nexatech/demo/assets/media/team/index3dd6.html]
[uiparadox.co.uk/templates/nexatech/demo/assets/media/testimonial/tinified.c2.delayed]
[uiparadox.co.uk/templates/nexatech/demo/assets/media/testimonial/index.html]
[uiparadox.co.uk/templates/nexatech/demo/assets/media/testimonial/index9a11.html]
[uiparadox.co.uk/templates/nexatech/demo/assets/media/testimonial/index2a60.html]
[uiparadox.co.uk/templates/nexatech/demo/assets/media/testimonial/index3dd6.html]
[uiparadox.co.uk/templates/nexatech/demo/assets/media/testimonial/tinified/index.html]
[uiparadox.co.uk/templates/nexatech/demo/assets/media/work/img-13 - Copy.png]
[uiparadox.co.uk/templates/nexatech/demo/assets/media/work/index9a11.html]
[uiparadox.co.uk/templates/nexatech/demo/assets/media/work/index2a60.html]
[uiparadox.co.uk/templates/nexatech/demo/assets/media/work/index3dd6.html]
[uiparadox.co.uk/templates/nexatech/demo/assets/media/work/img-14 - Copy.png]
[uiparadox.co.uk/templates/nexatech/demo/assets/media/work/img-25 - Copy.png]
[uiparadox.co.uk/templates/nexatech/demo/assets/media/work/index.html]
[uiparadox.co.uk/templates/nexatech/demo/assets/sass/index9a11.html]
[uiparadox.co.uk/templates/nexatech/demo/assets/sass/index2a60.html]
[uiparadox.co.uk/templates/nexatech/demo/assets/sass/index3dd6.html]
[uiparadox.co.uk/templates/nexatech/demo/assets/sass/indexd4cd.html]
[uiparadox.co.uk/templates/nexatech/demo/assets/sass/index7dc1.html]
[uiparadox.co.uk/templates/nexatech/demo/assets/sass/index38f9.html]
[uiparadox.co.uk/templates/nexatech/demo/assets/sass/basic/_basic.scss]
[uiparadox.co.uk/templates/nexatech/demo/assets/sass/basic/index.html]
[uiparadox.co.uk/templates/nexatech/demo/assets/sass/basic/index9a11.html]
[uiparadox.co.uk/templates/nexatech/demo/assets/sass/basic/index2a60.html]
[uiparadox.co.uk/templates/nexatech/demo/assets/sass/elements/_buttons.scss]
[uiparadox.co.uk/templates/nexatech/demo/assets/sass/basic/index3dd6.html]
[uiparadox.co.uk/templates/nexatech/demo/assets/sass/elements/index9a11.html]
[uiparadox.co.uk/templates/nexatech/demo/assets/sass/elements/_heading.scss]
[uiparadox.co.uk/templates/nexatech/demo/assets/sass/elements/index.html]
[uiparadox.co.uk/templates/nexatech/demo/assets/sass/elements/index2a60.html]
[uiparadox.co.uk/templates/nexatech/demo/assets/sass/elements/index3dd6.html]
[uiparadox.co.uk/templates/nexatech/demo/assets/sass/helpers/index9a11.html]
[uiparadox.co.uk/templates/nexatech/demo/assets/sass/helpers/index2a60.html]
[uiparadox.co.uk/templates/nexatech/demo/assets/sass/helpers/_animitions.min.css]
[uiparadox.co.uk/templates/nexatech/demo/assets/sass/helpers/index3dd6.html]
[uiparadox.co.uk/templates/nexatech/demo/assets/sass/helpers/_animitions.scss]
[uiparadox.co.uk/templates/nexatech/demo/assets/sass/helpers/_classes.scss]
[uiparadox.co.uk/templates/nexatech/demo/assets/sass/helpers/_mixins.scss]
[uiparadox.co.uk/templates/nexatech/demo/assets/sass/helpers/_spacing.scss]
[uiparadox.co.uk/templates/nexatech/demo/assets/sass/helpers/index.html]
[uiparadox.co.uk/templates/nexatech/demo/assets/sass/layout/_404.scss]
[uiparadox.co.uk/templates/nexatech/demo/assets/sass/layout/index9a11.html]
[uiparadox.co.uk/templates/nexatech/demo/assets/sass/layout/_about.scss]
[uiparadox.co.uk/templates/nexatech/demo/assets/sass/layout/index2a60.html]
[uiparadox.co.uk/templates/nexatech/demo/assets/sass/layout/index3dd6.html]
[uiparadox.co.uk/templates/nexatech/demo/assets/sass/layout/_achievement.scss]
[uiparadox.co.uk/templates/nexatech/demo/assets/sass/layout/_blog.scss]
[uiparadox.co.uk/templates/nexatech/demo/assets/sass/layout/_colorMode.scss]
[uiparadox.co.uk/templates/nexatech/demo/assets/sass/layout/_contact.scss]
[uiparadox.co.uk/templates/nexatech/demo/assets/sass/layout/_faq.scss]
[uiparadox.co.uk/templates/nexatech/demo/assets/sass/layout/_footer.scss]
[uiparadox.co.uk/templates/nexatech/demo/assets/sass/layout/_header.scss]
[uiparadox.co.uk/templates/nexatech/demo/assets/sass/layout/_hero-banner.scss]
[uiparadox.co.uk/templates/nexatech/demo/assets/sass/layout/_inner-banner.scss]
[uiparadox.co.uk/templates/nexatech/demo/assets/sass/layout/_page-title.scss]
[uiparadox.co.uk/templates/nexatech/demo/assets/sass/layout/_preloader.scss]
[uiparadox.co.uk/templates/nexatech/demo/assets/sass/layout/_pricing.scss]
[uiparadox.co.uk/templates/nexatech/demo/assets/sass/layout/_services.scss]
[uiparadox.co.uk/templates/nexatech/demo/assets/sass/layout/_team.scss]
[uiparadox.co.uk/templates/nexatech/demo/assets/sass/layout/_testimonial.scss]
[uiparadox.co.uk/templates/nexatech/demo/assets/sass/layout/_work.scss]
[uiparadox.co.uk/templates/nexatech/demo/assets/sass/layout/index.html]
[uiparadox.co.uk/templates/nexatech/demo/assets/css/fonts/fa-brands-400.svg]
[uiparadox.co.uk/templates/nexatech/demo/assets/css/fonts/fa-duotone-900.html]
[uiparadox.co.uk/templates/nexatech/demo/assets/css/fonts/fa-light-300.html]
[uiparadox.co.uk/templates/nexatech/demo/assets/css/fonts/fa-regular-400.svg]
[uiparadox.co.uk/templates/nexatech/demo/assets/css/fonts/fa-solid-900.svg]
[uiparadox.co.uk/templates/nexatech/demo/assets/css/indexd4cd.html]
[uiparadox.co.uk/templates/nexatech/demo/assets/css/index7dc1.html]
[uiparadox.co.uk/templates/nexatech/demo/assets/css/index38f9.html]
[uiparadox.co.uk/templates/nexatech/demo/assets/css/fonts/index9a11.html]
[uiparadox.co.uk/templates/nexatech/demo/assets/css/fonts/index2a60.html]
[uiparadox.co.uk/templates/nexatech/demo/assets/css/fonts/index3dd6.html]
[uiparadox.co.uk/templates/nexatech/demo/assets/css/fonts/indexd4cd.html]
[uiparadox.co.uk/templates/nexatech/demo/assets/css/fonts/givonic/index9a11.html]
[uiparadox.co.uk/templates/nexatech/demo/assets/css/fonts/givonic/index2a60.html]
[uiparadox.co.uk/templates/nexatech/demo/assets/css/fonts/givonic/Givonic-Black.otf]
[uiparadox.co.uk/templates/nexatech/demo/assets/css/fonts/index7dc1.html]
[uiparadox.co.uk/templates/nexatech/demo/assets/css/fonts/index38f9.html]
[uiparadox.co.uk/templates/nexatech/demo/assets/css/fonts/givonic/index3dd6.html]
[uiparadox.co.uk/templates/nexatech/demo/assets/css/fonts/givonic/Givonic-Bold.otf]
[uiparadox.co.uk/templates/nexatech/demo/assets/css/fonts/givonic/Givonic-Light.otf]
[uiparadox.co.uk/templates/nexatech/demo/assets/css/fonts/givonic/Givonic-Regular.otf]
[uiparadox.co.uk/templates/nexatech/demo/assets/css/fonts/givonic/Givonic-SemiBold.otf]
[uiparadox.co.uk/templates/nexatech/demo/assets/css/fonts/givonic/Givonic-Thin.otf]
[uiparadox.co.uk/templates/nexatech/demo/assets/css/fonts/givonic/license_certificate_JZWV84U7K9.txt]
[uiparadox.co.uk/templates/nexatech/demo/assets/css/fonts/givonic/index.html]
[uiparadox.co.uk/templates/nexatech/demo/assets/css/layout/index9a11.html]
[uiparadox.co.uk/templates/nexatech/demo/assets/css/layout/index2a60.html]
[uiparadox.co.uk/templates/nexatech/demo/assets/css/layout/index3dd6.html]
[uiparadox.co.uk/templates/nexatech/demo/assets/css/vendor/index9a11.html]
[uiparadox.co.uk/templates/nexatech/demo/assets/css/layout/indexd4cd.html]
[uiparadox.co.uk/templates/nexatech/demo/assets/css/layout/index7dc1.html]
[uiparadox.co.uk/templates/nexatech/demo/assets/css/layout/index38f9.html]
[uiparadox.co.uk/templates/nexatech/demo/assets/css/vendor/indexd4cd.html]
[uiparadox.co.uk/templates/nexatech/demo/assets/css/vendor/index2a60.html]
[uiparadox.co.uk/templates/nexatech/demo/assets/css/vendor/index3dd6.html]
[uiparadox.co.uk/templates/nexatech/demo/assets/js/indexd4cd.html]
[uiparadox.co.uk/templates/nexatech/demo/assets/js/index7dc1.html]
[uiparadox.co.uk/templates/nexatech/demo/assets/js/index38f9.html]
[uiparadox.co.uk/templates/nexatech/demo/assets/js/vendor/index9a11.html]
[uiparadox.co.uk/templates/nexatech/demo/assets/js/vendor/index2a60.html]
[uiparadox.co.uk/templates/nexatech/demo/assets/css/vendor/index38f9.html]
[uiparadox.co.uk/templates/nexatech/demo/assets/js/vendor/index7dc1.html]
[uiparadox.co.uk/templates/nexatech/demo/assets/css/vendor/index7dc1.html]
[uiparadox.co.uk/templates/nexatech/demo/assets/js/vendor/indexd4cd.html]
[uiparadox.co.uk/templates/nexatech/demo/assets/js/vendor/index3dd6.html]
[uiparadox.co.uk/templates/nexatech/demo/assets/mail/indexd4cd.html]
[uiparadox.co.uk/templates/nexatech/demo/assets/mail/index7dc1.html]
[uiparadox.co.uk/templates/nexatech/demo/assets/mail/index38f9.html]
[uiparadox.co.uk/templates/nexatech/demo/assets/media/indexd4cd.html]
[uiparadox.co.uk/templates/nexatech/demo/assets/media/index7dc1.html]
[uiparadox.co.uk/templates/nexatech/demo/assets/media/index38f9.html]
[uiparadox.co.uk/templates/nexatech/demo/assets/media/about/index9a11.html]
[uiparadox.co.uk/templates/nexatech/demo/assets/media/about/index2a60.html]
[uiparadox.co.uk/templates/nexatech/demo/assets/media/about/index3dd6.html]
[uiparadox.co.uk/templates/nexatech/demo/assets/js/vendor/index38f9.html]
[uiparadox.co.uk/templates/nexatech/demo/assets/media/about/indexd4cd.html]
[uiparadox.co.uk/templates/nexatech/demo/assets/media/about/index7dc1.html]
[uiparadox.co.uk/templates/nexatech/demo/assets/media/about/index38f9.html]
[uiparadox.co.uk/templates/nexatech/demo/assets/media/banner/index9a11.html]
[uiparadox.co.uk/templates/nexatech/demo/assets/media/banner/index2a60.html]
[uiparadox.co.uk/templates/nexatech/demo/assets/media/banner/index3dd6.html]
[uiparadox.co.uk/templates/nexatech/demo/assets/media/blog/index9a11.html]
[uiparadox.co.uk/templates/nexatech/demo/assets/media/banner/indexd4cd.html]
[uiparadox.co.uk/templates/nexatech/demo/assets/media/banner/index38f9.html]
[uiparadox.co.uk/templates/nexatech/demo/assets/media/blog/indexd4cd.html]
[uiparadox.co.uk/templates/nexatech/demo/assets/media/blog/index2a60.html]
[uiparadox.co.uk/templates/nexatech/demo/assets/media/banner/index7dc1.html]
[uiparadox.co.uk/templates/nexatech/demo/assets/media/blog/index3dd6.html]
[uiparadox.co.uk/templates/nexatech/demo/assets/media/contact/index9a11.html]
[uiparadox.co.uk/templates/nexatech/demo/assets/media/contact/index2a60.html]
[uiparadox.co.uk/templates/nexatech/demo/assets/media/blog/index7dc1.html]
[uiparadox.co.uk/templates/nexatech/demo/assets/media/blog/index38f9.html]
[uiparadox.co.uk/templates/nexatech/demo/assets/media/contact/index3dd6.html]
[uiparadox.co.uk/templates/nexatech/demo/assets/media/element/index9a11.html]
[uiparadox.co.uk/templates/nexatech/demo/assets/media/contact/index7dc1.html]
[uiparadox.co.uk/templates/nexatech/demo/assets/media/element/index2a60.html]
[uiparadox.co.uk/templates/nexatech/demo/assets/media/contact/indexd4cd.html]
[uiparadox.co.uk/templates/nexatech/demo/assets/media/element/index3dd6.html]
[uiparadox.co.uk/templates/nexatech/demo/assets/media/contact/index38f9.html]
[uiparadox.co.uk/templates/nexatech/demo/assets/media/element/indexd4cd.html]
[uiparadox.co.uk/templates/nexatech/demo/assets/media/icon/index9a11.html]
[uiparadox.co.uk/templates/nexatech/demo/assets/media/icon/index2a60.html]
[uiparadox.co.uk/templates/nexatech/demo/assets/media/element/index7dc1.html]
[uiparadox.co.uk/templates/nexatech/demo/assets/media/icon/index3dd6.html]
[uiparadox.co.uk/templates/nexatech/demo/assets/media/element/index38f9.html]
[uiparadox.co.uk/templates/nexatech/demo/assets/media/partner/index9a11.html]
[uiparadox.co.uk/templates/nexatech/demo/assets/media/icon/indexd4cd.html]
[uiparadox.co.uk/templates/nexatech/demo/assets/media/icon/index7dc1.html]
[uiparadox.co.uk/templates/nexatech/demo/assets/media/partner/index2a60.html]
[uiparadox.co.uk/templates/nexatech/demo/assets/media/partner/index3dd6.html]
[uiparadox.co.uk/templates/nexatech/demo/assets/media/icon/index38f9.html]
[uiparadox.co.uk/templates/nexatech/demo/assets/media/service/index9a11.html]
[uiparadox.co.uk/templates/nexatech/demo/assets/media/partner/indexd4cd.html]
[uiparadox.co.uk/templates/nexatech/demo/assets/media/service/index2a60.html]
[uiparadox.co.uk/templates/nexatech/demo/assets/media/partner/index7dc1.html]
[uiparadox.co.uk/templates/nexatech/demo/assets/media/partner/index38f9.html]
[uiparadox.co.uk/templates/nexatech/demo/assets/media/service/index3dd6.html]
[uiparadox.co.uk/templates/nexatech/demo/assets/media/team/index9a11.html]
[uiparadox.co.uk/templates/nexatech/demo/assets/media/service/indexd4cd.html]
[uiparadox.co.uk/templates/nexatech/demo/assets/media/team/index2a60.html]
[uiparadox.co.uk/templates/nexatech/demo/assets/media/service/index7dc1.html]
[uiparadox.co.uk/templates/nexatech/demo/assets/media/team/index3dd6.html]
[uiparadox.co.uk/templates/nexatech/demo/assets/media/service/index38f9.html]
[uiparadox.co.uk/templates/nexatech/demo/assets/media/team/indexd4cd.html]
[uiparadox.co.uk/templates/nexatech/demo/assets/media/testimonial/index9a11.html]
[uiparadox.co.uk/templates/nexatech/demo/assets/media/testimonial/index2a60.html]
[uiparadox.co.uk/templates/nexatech/demo/assets/media/team/index7dc1.html]
[uiparadox.co.uk/templates/nexatech/demo/assets/media/testimonial/index3dd6.html]
[uiparadox.co.uk/templates/nexatech/demo/assets/media/team/index38f9.html]
[uiparadox.co.uk/templates/nexatech/demo/assets/media/testimonial/indexd4cd.html]
[uiparadox.co.uk/templates/nexatech/demo/assets/media/testimonial/index7dc1.html]
[uiparadox.co.uk/templates/nexatech/demo/assets/media/testimonial/index38f9.html]
[uiparadox.co.uk/templates/nexatech/demo/assets/media/testimonial/tinified/img-1.png]
[uiparadox.co.uk/templates/nexatech/demo/assets/media/testimonial/tinified/index9a11.html]
[uiparadox.co.uk/templates/nexatech/demo/assets/media/testimonial/tinified/index2a60.html]
[uiparadox.co.uk/templates/nexatech/demo/assets/media/testimonial/tinified/img-2.png]
[uiparadox.co.uk/templates/nexatech/demo/assets/media/testimonial/tinified/img-3.png]
[uiparadox.co.uk/templates/nexatech/demo/assets/media/testimonial/tinified/index3dd6.html]
[uiparadox.co.uk/templates/nexatech/demo/assets/media/testimonial/tinified/img-4.png]
[uiparadox.co.uk/templates/nexatech/demo/assets/media/testimonial/tinified/index.html]
[uiparadox.co.uk/templates/nexatech/demo/assets/media/work/index9a11.html]
[uiparadox.co.uk/templates/nexatech/demo/assets/media/work/index2a60.html]
[uiparadox.co.uk/templates/nexatech/demo/assets/media/work/index3dd6.html]
[uiparadox.co.uk/templates/nexatech/demo/assets/sass/indexd4cd.html]
[uiparadox.co.uk/templates/nexatech/demo/assets/sass/index7dc1.html]
[uiparadox.co.uk/templates/nexatech/demo/assets/sass/index38f9.html]
[uiparadox.co.uk/templates/nexatech/demo/assets/sass/basic/index9a11.html]
[uiparadox.co.uk/templates/nexatech/demo/assets/media/work/indexd4cd.html]
[uiparadox.co.uk/templates/nexatech/demo/assets/sass/basic/index2a60.html]
[uiparadox.co.uk/templates/nexatech/demo/assets/media/work/index38f9.html]
[uiparadox.co.uk/templates/nexatech/demo/assets/sass/basic/index3dd6.html]
[uiparadox.co.uk/templates/nexatech/demo/assets/media/work/index7dc1.html]
[uiparadox.co.uk/templates/nexatech/demo/assets/sass/elements/index9a11.html]
[uiparadox.co.uk/templates/nexatech/demo/assets/sass/basic/indexd4cd.html]
[uiparadox.co.uk/templates/nexatech/demo/assets/sass/elements/index2a60.html]
[uiparadox.co.uk/templates/nexatech/demo/assets/sass/basic/index7dc1.html]
[uiparadox.co.uk/templates/nexatech/demo/assets/sass/elements/index3dd6.html]
[uiparadox.co.uk/templates/nexatech/demo/assets/sass/basic/index38f9.html]
[uiparadox.co.uk/templates/nexatech/demo/assets/sass/helpers/index9a11.html]
[uiparadox.co.uk/templates/nexatech/demo/assets/sass/elements/indexd4cd.html]
[uiparadox.co.uk/templates/nexatech/demo/assets/sass/helpers/index2a60.html]
[uiparadox.co.uk/templates/nexatech/demo/assets/sass/elements/index7dc1.html]
[uiparadox.co.uk/templates/nexatech/demo/assets/sass/helpers/index3dd6.html]
[uiparadox.co.uk/templates/nexatech/demo/assets/sass/elements/index38f9.html]
[uiparadox.co.uk/templates/nexatech/demo/assets/sass/helpers/_animitions.css]
[uiparadox.co.uk/templates/nexatech/demo/assets/sass/helpers/indexd4cd.html]
[uiparadox.co.uk/templates/nexatech/demo/assets/sass/helpers/index7dc1.html]
[uiparadox.co.uk/templates/nexatech/demo/assets/sass/helpers/index38f9.html]
[uiparadox.co.uk/templates/nexatech/demo/assets/sass/helpers/_animitions.min.css]
[uiparadox.co.uk/templates/nexatech/demo/assets/sass/layout/index9a11.html]
[uiparadox.co.uk/templates/nexatech/demo/assets/sass/layout/index2a60.html]
[uiparadox.co.uk/templates/nexatech/demo/assets/sass/layout/index3dd6.html]
[uiparadox.co.uk/templates/nexatech/demo/assets/css/fonts/indexd4cd.html]
[uiparadox.co.uk/templates/nexatech/demo/assets/css/fonts/index7dc1.html]
[uiparadox.co.uk/templates/nexatech/demo/assets/css/fonts/index38f9.html]
[uiparadox.co.uk/templates/nexatech/demo/assets/css/fonts/givonic/index9a11.html]
[uiparadox.co.uk/templates/nexatech/demo/assets/sass/layout/index38f9.html]
[uiparadox.co.uk/templates/nexatech/demo/assets/sass/layout/indexd4cd.html]
[uiparadox.co.uk/templates/nexatech/demo/assets/sass/layout/index7dc1.html]
[uiparadox.co.uk/templates/nexatech/demo/assets/css/fonts/givonic/index2a60.html]
[uiparadox.co.uk/templates/nexatech/demo/assets/css/fonts/givonic/index3dd6.html]
[uiparadox.co.uk/templates/nexatech/demo/assets/css/fonts/givonic/license_certificate_jzwv84u7k9.html]
[uiparadox.co.uk/templates/nexatech/demo/assets/css/layout/indexd4cd.html]
[uiparadox.co.uk/templates/nexatech/demo/assets/css/layout/index7dc1.html]
[uiparadox.co.uk/templates/nexatech/demo/assets/css/layout/index38f9.html]
[uiparadox.co.uk/templates/nexatech/demo/assets/css/vendor/indexd4cd.html]
[uiparadox.co.uk/templates/nexatech/demo/assets/css/vendor/index7dc1.html]
[uiparadox.co.uk/templates/nexatech/demo/assets/css/vendor/index38f9.html]
[uiparadox.co.uk/templates/nexatech/demo/assets/js/vendor/indexd4cd.html]
[uiparadox.co.uk/templates/nexatech/demo/assets/js/vendor/index7dc1.html]
[uiparadox.co.uk/templates/nexatech/demo/assets/js/vendor/index38f9.html]
[uiparadox.co.uk/templates/nexatech/demo/assets/media/about/indexd4cd.html]
[uiparadox.co.uk/templates/nexatech/demo/assets/media/about/index7dc1.html]
[uiparadox.co.uk/templates/nexatech/demo/assets/media/about/index38f9.html]
[uiparadox.co.uk/templates/nexatech/demo/assets/media/banner/indexd4cd.html]
[uiparadox.co.uk/templates/nexatech/demo/assets/media/banner/index7dc1.html]
[uiparadox.co.uk/templates/nexatech/demo/assets/media/banner/index38f9.html]
[uiparadox.co.uk/templates/nexatech/demo/assets/media/blog/indexd4cd.html]
[uiparadox.co.uk/templates/nexatech/demo/assets/media/blog/index7dc1.html]
[uiparadox.co.uk/templates/nexatech/demo/assets/media/blog/index38f9.html]
[uiparadox.co.uk/templates/nexatech/demo/assets/media/contact/indexd4cd.html]
[uiparadox.co.uk/templates/nexatech/demo/assets/media/contact/index7dc1.html]
[uiparadox.co.uk/templates/nexatech/demo/assets/media/contact/index38f9.html]
[uiparadox.co.uk/templates/nexatech/demo/assets/media/element/indexd4cd.html]
[uiparadox.co.uk/templates/nexatech/demo/assets/media/element/index7dc1.html]
[uiparadox.co.uk/templates/nexatech/demo/assets/media/element/index38f9.html]
[uiparadox.co.uk/templates/nexatech/demo/assets/media/icon/indexd4cd.html]
[uiparadox.co.uk/templates/nexatech/demo/assets/media/icon/index7dc1.html]
[uiparadox.co.uk/templates/nexatech/demo/assets/media/icon/index38f9.html]
[uiparadox.co.uk/templates/nexatech/demo/assets/media/partner/indexd4cd.html]
[uiparadox.co.uk/templates/nexatech/demo/assets/media/partner/index7dc1.html]
[uiparadox.co.uk/templates/nexatech/demo/assets/media/partner/index38f9.html]
[uiparadox.co.uk/templates/nexatech/demo/assets/media/service/indexd4cd.html]
[uiparadox.co.uk/templates/nexatech/demo/assets/media/service/index7dc1.html]
[uiparadox.co.uk/templates/nexatech/demo/assets/media/service/index38f9.html]
[uiparadox.co.uk/templates/nexatech/demo/assets/media/team/indexd4cd.html]
[uiparadox.co.uk/templates/nexatech/demo/assets/media/team/index7dc1.html]
[uiparadox.co.uk/templates/nexatech/demo/assets/media/team/index38f9.html]
[uiparadox.co.uk/templates/nexatech/demo/assets/media/testimonial/indexd4cd.html]
[uiparadox.co.uk/templates/nexatech/demo/assets/media/testimonial/index7dc1.html]
[uiparadox.co.uk/templates/nexatech/demo/assets/media/testimonial/index38f9.html]
[uiparadox.co.uk/templates/nexatech/demo/assets/media/testimonial/tinified/index9a11.html]
[uiparadox.co.uk/templates/nexatech/demo/assets/css/fonts/givonic/indexd4cd.html]
[uiparadox.co.uk/templates/nexatech/demo/assets/media/testimonial/tinified/index2a60.html]
[uiparadox.co.uk/templates/nexatech/demo/assets/css/fonts/givonic/index7dc1.html]
[uiparadox.co.uk/templates/nexatech/demo/assets/css/fonts/givonic/index38f9.html]
[uiparadox.co.uk/templates/nexatech/demo/assets/media/testimonial/tinified/index3dd6.html]
[uiparadox.co.uk/templates/nexatech/demo/assets/media/work/indexd4cd.html]
[uiparadox.co.uk/templates/nexatech/demo/assets/media/work/index7dc1.html]
[uiparadox.co.uk/templates/nexatech/demo/assets/media/work/index38f9.html]
[uiparadox.co.uk/templates/nexatech/demo/assets/sass/basic/indexd4cd.html]
[uiparadox.co.uk/templates/nexatech/demo/assets/sass/basic/index7dc1.html]
[uiparadox.co.uk/templates/nexatech/demo/assets/sass/basic/index38f9.html]
[uiparadox.co.uk/templates/nexatech/demo/assets/sass/elements/indexd4cd.html]
[uiparadox.co.uk/templates/nexatech/demo/assets/sass/elements/index7dc1.html]
[uiparadox.co.uk/templates/nexatech/demo/assets/sass/elements/index38f9.html]
[uiparadox.co.uk/templates/nexatech/demo/assets/sass/helpers/indexd4cd.html]
[uiparadox.co.uk/templates/nexatech/demo/assets/sass/helpers/index7dc1.html]
[uiparadox.co.uk/templates/nexatech/demo/assets/sass/helpers/index38f9.html]
[uiparadox.co.uk/templates/nexatech/demo/assets/sass/media/animate/bold-right.html]
[uiparadox.co.uk/templates/nexatech/demo/assets/sass/layout/indexd4cd.html]
[uiparadox.co.uk/templates/nexatech/demo/assets/sass/layout/index7dc1.html]
[uiparadox.co.uk/templates/nexatech/demo/assets/sass/layout/index38f9.html]
[uiparadox.co.uk/templates/nexatech/demo/assets/css/fonts/givonic/indexd4cd.html]
[uiparadox.co.uk/templates/nexatech/demo/assets/css/fonts/givonic/index7dc1.html]
[uiparadox.co.uk/templates/nexatech/demo/assets/css/fonts/givonic/index38f9.html]
[uiparadox.co.uk/templates/nexatech/demo/assets/media/testimonial/tinified/indexd4cd.html]
[uiparadox.co.uk/templates/nexatech/demo/assets/media/testimonial/tinified/indexd4cd.html]
[uiparadox.co.uk/templates/nexatech/demo/assets/media/testimonial/tinified/index7dc1.html]
[uiparadox.co.uk/templates/nexatech/demo/assets/media/testimonial/tinified/index7dc1.html]
[uiparadox.co.uk/templates/nexatech/demo/assets/media/testimonial/tinified/index38f9.html]
[uiparadox.co.uk/templates/nexatech/demo/assets/media/testimonial/tinified/index38f9.html]
